[69.73.184.155/_isoft/ArtBrowser/website8/index.html]
[backblue.gif]
[fade.gif]
[index.html]
[69.73.184.155/_isoft/ArtBrowser/website8/css/timber.css]
[69.73.184.155/_isoft/ArtBrowser/website8/css/theme.css]
[69.73.184.155/_isoft/ArtBrowser/website8/js/modernizr.min.js]
[69.73.184.155/_isoft/ArtBrowser/website8/about.html]
[69.73.184.155/_isoft/ArtBrowser/website8/js/jquery.min.js]
[69.73.184.155/_isoft/ArtBrowser/website8/join.html]
[69.73.184.155/_isoft/ArtBrowser/website8/login.html]
[69.73.184.155/_isoft/ArtBrowser/website8/images/logo.png]
[69.73.184.155/_isoft/ArtBrowser/website8/images/cover photo.jpg]
[69.73.184.155/_isoft/ArtBrowser/website1/images/Gall1.jpg]
[69.73.184.155/_isoft/ArtBrowser/website1/images/Gall2.jpg]
[69.73.184.155/_isoft/ArtBrowser/website1/images/Gall.jpg]
[69.73.184.155/_isoft/ArtBrowser/website1/images/Gall3.jpg]
[69.73.184.155/_isoft/ArtBrowser/website1/images/Gall4.jpg]
[69.73.184.155/_isoft/ArtBrowser/website1/images/Gall5.jpg]
[69.73.184.155/_isoft/ArtBrowser/website8/images/mobile_pic.png]
[d3t95n9c6zzriw.cloudfront.net/covers/landing/mobile/cta_app_store.png]
[69.73.184.155/_isoft/ArtBrowser/website8/js/slider.js]
[69.73.184.155/_isoft/ArtBrowser/website8/js/jquery.flexslider.min.js]
[69.73.184.155/_isoft/ArtBrowser/website8/js/fastclick.js]
[69.73.184.155/_isoft/ArtBrowser/website8/js/timber.js]
[69.73.184.155/_isoft/ArtBrowser/website8/js/theme.js]
[69.73.184.155/_isoft/ArtBrowser/website8/index.html]
[69.73.184.155/_isoft/ArtBrowser/website8/css/â/assets/BrandonGrotesque/brandon_med-webfont.eotâ]
[69.73.184.155/_isoft/ArtBrowser/website8/js/handlebars.min.js]
[69.73.184.155/_isoft/ArtBrowser/website8/assets/BrandonGrotesque/brandon_med-webfont.woff]
[69.73.184.155/_isoft/ArtBrowser/website8/assets/BrandonGrotesque/brandon_med-webfont.1b.delayed]
[69.73.184.155/_isoft/ArtBrowser/website8/assets/BrandonGrotesque/Brandon_reg.ttf]
[69.73.184.155/_isoft/ArtBrowser/website8/assets/ico-select6b13.svg]
[69.73.184.155/_isoft/ArtBrowser/website8/assets/BrandonGrotesque/brandon_med-webfont.ttf]
[69.73.184.155/_isoft/ArtBrowser/website8/assets/icons6b13.eot]
[69.73.184.155/_isoft/ArtBrowser/website8/assets/icons6b13.woff]
[69.73.184.155/_isoft/ArtBrowser/website8/assets/icons6b13.svg]
[69.73.184.155/_isoft/ArtBrowser/website8/css/timber.css]
[69.73.184.155/_isoft/ArtBrowser/website8/css/theme.css]
[69.73.184.155/_isoft/ArtBrowser/website8/about.html]
[69.73.184.155/_isoft/ArtBrowser/website8/assets/icons6b13.ttf]
[69.73.184.155/_isoft/ArtBrowser/website8/terms-conditions.html]
[69.73.184.155/_isoft/ArtBrowser/website8/join.html]
[69.73.184.155/_isoft/ArtBrowser/website8/forget_pass.html]
[69.73.184.155/_isoft/ArtBrowser/website8/login.html]
[69.73.184.155/_isoft/ArtBrowser/website8/css/â/assets/BrandonGrotesque/brandon_med-webfont.html]
[69.73.184.155/_isoft/ArtBrowser/website8/assets/BrandonGrotesque/brandon_med-webfont.html]
[69.73.184.155/_isoft/ArtBrowser/website8/assets/BrandonGrotesque/Brandon_reg.html]
[69.73.184.155/_isoft/ArtBrowser/website8/assets/ico-select6b13.html]
[69.73.184.155/_isoft/ArtBrowser/website8/assets/icons6b13.html]
[69.73.184.155/_isoft/ArtBrowser/website8/profile.html]
[69.73.184.155/_isoft/ArtBrowser/website8/add_user.html]
[69.73.184.155/_isoft/ArtBrowser/website8/add.html]
[69.73.184.155/_isoft/ArtBrowser/website8/gallery_user.html]
[69.73.184.155/_isoft/ArtBrowser/website8/add_item.html]
[69.73.184.155/_isoft/ArtBrowser/website8/update_item.html]
[69.73.184.155/_isoft/ArtBrowser/website8/announce.html]
[69.73.184.155/_isoft/ArtBrowser/website8/update_announce.html]
[69.73.184.155/_isoft/ArtBrowser/website8/actart.html]
[69.73.184.155/_isoft/ArtBrowser/website8/actuser.html]
[69.73.184.155/_isoft/ArtBrowser/website8/actacc.html]
[69.73.184.155/_isoft/ArtBrowser/website8/terms-conditions.html]
[69.73.184.155/_isoft/ArtBrowser/website8/Index-2.html]
[69.73.184.155/_isoft/ArtBrowser/website8/forget_pass.html]
[69.73.184.155/_isoft/ArtBrowser/website8/profile.html]
[69.73.184.155/_isoft/ArtBrowser/website8/add_user.html]
[69.73.184.155/_isoft/ArtBrowser/website8/add.html]
[69.73.184.155/_isoft/ArtBrowser/website8/gallery_user.html]
[69.73.184.155/_isoft/ArtBrowser/website8/add_item.html]
[69.73.184.155/_isoft/ArtBrowser/website8/update_item.html]
[69.73.184.155/_isoft/ArtBrowser/website8/announce.html]
[69.73.184.155/_isoft/ArtBrowser/website8/update_announce.html]
[69.73.184.155/_isoft/ArtBrowser/website8/actart.html]
[69.73.184.155/_isoft/ArtBrowser/website8/actuser.html]
[69.73.184.155/_isoft/ArtBrowser/website8/actacc.html]
[69.73.184.155/_isoft/ArtBrowser/website8/Index-2.html]
